
> azmol-stockerp-frontend@0.0.0 test
> vitest --run


[1m[46m RUN [49m[22m [36mv4.0.16 [39m[90mC:/Users/tfws.olanet/Desktop/azmol-stockerp[39m

 [32mÔ£ô[39m src/utils/__tests__/pricing.test.ts [2m([22m[2m53 tests[22m[2m)[22m[32m 32[2mms[22m[39m
 [32mÔ£ô[39m src/hooks/__tests__/usePagination.test.ts [2m([22m[2m7 tests[22m[2m)[22m[32m 52[2mms[22m[39m
npm.cmd : 
En línea: 1 Carácter: 243
+ ... egroundColor Cyan; & 
"$nodeFolder\npm.cmd" test -- --run 2>&1 | 
Tee-O ...
+                        
~~~~~~~~~~~~~~~~~~~~~~~~~~~~~~~~~~~~~~~~~~
    + CategoryInfo          : NotSpecified: 
    (:String) [], RemoteException
    + FullyQualifiedErrorId : NativeCommand 
   Error
 
[31mÔÄ»ÔÄ»ÔÄ»ÔÄ»ÔÄ»ÔÄ»[39m[1m[41m 
Failed Suites 2 
[49m[22m[31mÔÄ»ÔÄ»ÔÄ»ÔÄ»ÔÄ»ÔÄ»ÔÄ»[39m

[41m[1m FAIL [22m[49m src/services/__tes
ts__/supabaseService.test.ts[2m [ src/servi
ces/__tests__/supabaseService.test.ts ][22m
[31m[1mError[22m: [vitest] There was an 
error when mocking a module. If you are 
using "vi.mock" factory, make sure there 
are no top level variables inside, since 
this call is hoisted to top of the file. 
Read more: 
https://vitest.dev/api/vi.html#vi-mock[39m
[36m [2mÔØ»[22m src/services/supabaseServ
ice.ts:[2m15:1[22m[39m
    [90m 13| [39m */[39m
    [90m 14| [39m
    [90m 15| [39m[35mimport[39m { 
supabase } [35mfrom[39m 
[32m'./supabaseClient'[39m[33m;[39m
    [90m   | [39m[31m^[39m
    [90m 16| [39m[35mimport[39m {
    [90m 17| [39m  
[33mUser[39m[33m,[39m

[31m[1mCaused by: ReferenceError[22m: 
Cannot access '__vi_import_1__' before 
initialization[39m
[36m [2mÔØ»[22m src/services/__tests__/su
pabaseService.test.ts:[2m13:13[22m[39m

[31m[2mÔÄ»ÔÄ»ÔÄ»ÔÄ»ÔÄ»ÔÄ»ÔÄ»ÔÄ»ÔÄ»ÔÄ»ÔÄ»ÔÄ
»ÔÄ»ÔÄ»ÔÄ»ÔÄ»ÔÄ»ÔÄ»ÔÄ»ÔÄ»ÔÄ»ÔÄ»ÔÄ»ÔÄ»[1/2]ÔÄ
»[22m[39m

[41m[1m FAIL [22m[49m 
src/utils/__tests__/fuzzySearch.test.ts[2m 
[ src/utils/__tests__/fuzzySearch.test.ts 
][22m
[31m[1mError[22m: Failed to resolve 
import "../fuzzySearch" from 
"src/utils/__tests__/fuzzySearch.test.ts". 
Does the file exist?[39m
  Plugin: [35mvite:import-analysis[39m
  File: [36mC:/Users/tfws.olanet/Desktop/az
mol-stockerp/src/utils/__tests__/fuzzySearch
.test.ts[39m:8:7
[33m  6  |    searchInFields,
  7  |    fuzzySearchWithScore
  8  |  } from "../fuzzySearch";
     |          ^
  9  |  describe("fuzzySearch utilities", 
() => {
  10 |    describe("levenshteinDistance", 
() => {[39m
[90m [2mÔØ»[22m 
TransformPluginContext._formatLog node_modul
es/vite/dist/node/chunks/config.js:[2m28998
:43[22m[39m
[90m [2mÔØ»[22m 
TransformPluginContext.error node_modules/vi
te/dist/node/chunks/config.js:[2m28995:14[
22m[39m
[90m [2mÔØ»[22m normalizeUrl node_modules
/vite/dist/node/chunks/config.js:[2m27118:1
8[22m[39m
[90m [2mÔØ»[22m node_modules/vite/dist/no
de/chunks/config.js:[2m27176:32[22m[39m
[90m [2mÔØ»[22m 
TransformPluginContext.transform node_module
s/vite/dist/node/chunks/config.js:[2m27144:
4[22m[39m
[90m [2mÔØ»[22m 
EnvironmentPluginContainer.transform node_mo
dules/vite/dist/node/chunks/config.js:[2m28
796:14[22m[39m
[90m [2mÔØ»[22m loadAndTransform node_mod
ules/vite/dist/node/chunks/config.js:[2m226
69:26[22m[39m

[31m[2mÔÄ»ÔÄ»ÔÄ»ÔÄ»ÔÄ»ÔÄ»ÔÄ»ÔÄ»ÔÄ»ÔÄ»ÔÄ»ÔÄ
»ÔÄ»ÔÄ»ÔÄ»ÔÄ»ÔÄ»ÔÄ»ÔÄ»ÔÄ»ÔÄ»ÔÄ»ÔÄ»ÔÄ»[2/2]ÔÄ
»[22m[39m


[2m Test Files [22m [1m[31m2 failed[39m[22m[2m | [22m[1m[32m2 passed[39m[22m[90m (4)[39m
[2m      Tests [22m [1m[32m60 passed[39m[22m[90m (60)[39m
[2m   Start at [22m 14:12:10
[2m   Duration [22m 3.89s[2m (transform 386ms, setup 2.57s, import 255ms, tests 84ms, environment 9.54s)[22m

